<html>
<body>
<pre>
<h1>µVision Build Log</h1>
<h2>Tool Versions:</h2>
IDE-Version: ¦ÌVision V5.38.0.0
Copyright (C) 2022 ARM Ltd and ARM Germany GmbH. All rights reserved.
License Information:  ,  , LIC=ZB4EI-T3UTM-JJU6S-L748I-WQZ6K-VR0BH
 
Tool Versions:
Toolchain:       MDK-ARM Plus  Version: 5.38.0.0
Toolchain Path:  D:\KeilSTM32\ARM\ARMCC\Bin
C Compiler:      Armcc.exe V5.06 update 7 (build 960)
Assembler:       Armasm.exe V5.06 update 7 (build 960)
Linker/Locator:  ArmLink.exe V5.06 update 7 (build 960)
Library Manager: ArmAr.exe V5.06 update 7 (build 960)
Hex Converter:   FromElf.exe V5.06 update 7 (build 960)
CPU DLL:         SARMCM3.DLL V5.38.0.0
Dialog DLL:      DARMSTM.DLL V1.69.1.0
Target DLL:      STLink\ST-LINKIII-KEIL_SWO.dll V3.1.0.0
Dialog DLL:      TARMSTM.DLL V1.67.1.0
 
<h2>Project:</h2>
f:\Users\17444\Desktop\SimpleIot\stm32f103.uvprojx
Project File Date:  02/24/2025

<h2>Output:</h2>
*** Using Compiler 'V5.06 update 7 (build 960)', folder: 'D:\KeilSTM32\ARM\ARMCC\Bin'
Rebuild target 'STM32F103'
assembling startup_stm32f10x_md.s...
compiling core_cm3.c...
compiling led.c...
compiling stm32f10x_exti.c...
compiling stm32f10x_it.c...
compiling stm32f10x_rcc.c...
compiling stm32f10x_gpio.c...
compiling misc.c...
compiling delay.c...
compiling stm32f10x_usart.c...
compiling system_stm32f10x.c...
compiling usart.c...
compiling key.c...
compiling dht11.c...
hardware\src\dht11.c(18): warning:  #188-D: enumerated type mixed with another type
  	DHT11_DQ_OUT(0); 	//À­µÍDQ
hardware\src\dht11.c(20): warning:  #188-D: enumerated type mixed with another type
  	DHT11_DQ_OUT(1); 	//DQ=1 
hardware\src\dht11.c: 2 warnings, 0 errors
compiling Buzzer.c...
compiling base64.c...
compiling LightSensor.c...
compiling adc.c...
compiling MqttKit.c...
compiling tim2.c...
compiling cJSON.c...
NET\CJSON\cJSON.c(55): warning:  #1293-D: assignment in condition
        if (!(copy = (char*)cJSON_malloc(len))) return 0;
NET\CJSON\cJSON.c(278): warning:  #1293-D: assignment in condition
  	ptr=str;while ((token=*ptr) && ++len) {if (strchr("\"\\\b\f\n\r\t",token)) len++; else if (token<32) len+=5;ptr++;}
NET\CJSON\cJSON.c(352): warning:  #111-D: statement is unreachable
  	return p.buffer;
NET\CJSON\cJSON.c(423): warning:  #1293-D: assignment in condition
  		if (!(new_item=cJSON_New_Item())) return 0; 	/* memory fail */
NET\CJSON\cJSON.c(535): warning:  #1293-D: assignment in condition
  		if (!(new_item=cJSON_New_Item()))	return 0; /* memory fail */
NET\CJSON\cJSON.c: 5 warnings, 0 errors
compiling main.c...
.\OLED\oled.h(66): warning:  #1295-D: Deprecated declaration Picture - give arg types
  void Picture();
.\OLED\oled.h(67): warning:  #1295-D: Deprecated declaration IIC_Start - give arg types
  void IIC_Start();
.\OLED\oled.h(68): warning:  #1295-D: Deprecated declaration IIC_Stop - give arg types
  void IIC_Stop();
.\OLED\oled.h(73): warning:  #1295-D: Deprecated declaration IIC_Wait_Ack - give arg types
  void IIC_Wait_Ack();
user\main.c(153): warning:  #223-D: function "ADC1_DMA_StartConvert" declared implicitly
  	ADC1_DMA_StartConvert((uint32_t)data, 2);
user\main.c(199): warning:  #223-D: function "sprintf" declared implicitly
  	sprintf(buf, "%2d", temp);
user\main.c(200): warning:  #167-D: argument of type "char *" is incompatible with parameter of type "u8 *"
  	OLED_ShowString(60,0,buf,16); //æ¸©åº¦å€?
user\main.c(203): warning:  #167-D: argument of type "char *" is incompatible with parameter of type "u8 *"
  	OLED_ShowString(96,0,buf,16); //æ¹¿åº¦å€?
user\main.c(206): warning:  #167-D: argument of type "char *" is incompatible with parameter of type "u8 *"
  	OLED_ShowString(54,3,buf,16); //å…‰ç…§å€?
user\main.c(209): warning:  #167-D: argument of type "char *" is incompatible with parameter of type "u8 *"
  	OLED_ShowString(54,6,buf,16); //å…‰ç…§å€?
user\main.c: 10 warnings, 0 errors
compiling hmac_sha1.c...
compiling esp8266.c...
compiling onenet.c...
NET\onenet\src\onenet.c(556): warning:  #177-D: variable "data_ptr"  was declared but never referenced
  				char *data_ptr = NULL;
NET\onenet\src\onenet.c(542): warning:  #177-D: variable "dataPtr"  was declared but never referenced
  	char *dataPtr = NULL;
NET\onenet\src\onenet.c(543): warning:  #177-D: variable "numBuf"  was declared but never referenced
  	char numBuf[10];
NET\onenet\src\onenet.c(544): warning:  #177-D: variable "num"  was declared but never referenced
  	int num = 0;
NET\onenet\src\onenet.c: 4 warnings, 0 errors
compiling oled.c...
OLED\oled.h(66): warning:  #1295-D: Deprecated declaration Picture - give arg types
  void Picture();
OLED\oled.h(67): warning:  #1295-D: Deprecated declaration IIC_Start - give arg types
  void IIC_Start();
OLED\oled.h(68): warning:  #1295-D: Deprecated declaration IIC_Stop - give arg types
  void IIC_Stop();
OLED\oled.h(73): warning:  #1295-D: Deprecated declaration IIC_Wait_Ack - give arg types
  void IIC_Wait_Ack();
OLED\oled.c: 4 warnings, 0 errors
linking...
Program Size: Code=41138 RO-data=3530 RW-data=968 ZI-data=3232  
FromELF: creating hex file...
".\output\stm32f103.axf" - 0 Error(s), 25 Warning(s).

<h2>Software Packages used:</h2>

Package Vendor: ARM
                http://www.keil.com/pack/ARM.CMSIS.5.9.0.pack
                ARM.CMSIS.5.9.0
                CMSIS (Common Microcontroller Software Interface Standard)
   * Component: CORE Version: 5.6.0

Package Vendor: Keil
                https://www.keil.com/pack/Keil.STM32F1xx_DFP.2.4.1.pack
                Keil.STM32F1xx_DFP.2.4.1
                STMicroelectronics STM32F1 Series Device Support, Drivers and Examples

<h2>Collection of Component include folders:</h2>
  ./RTE/_STM32F103
  C:/Users/17444/AppData/Local/Arm/Packs/ARM/CMSIS/5.9.0/CMSIS/Core/Include
  C:/Users/17444/AppData/Local/Arm/Packs/Keil/STM32F1xx_DFP/2.4.1/Device/Include

<h2>Collection of Component Files used:</h2>

   * Component: ARM::CMSIS:CORE:5.6.0
Build Time Elapsed:  00:00:02
</pre>
</body>
</html>
